// Jest Snapshot v1, https://goo.gl/fbAQLP

exports[`should prepend the changelog if there is an existing one 1`] = `
"
## features

new content
## 4.15.1 (2019-12-02)

### Bug Fixes

- **context-dialog:** Fixes positioning issues by removing the closing button
  that tightly coupled the position to the trigger
"
`;
