// Jest Snapshot v1, https://goo.gl/fbAQLP

exports[`Update 7.0.0 Template replacements should migrate aria label bindings 1`] = `
"<dt-secondary-nav [attr.aria-label]=\\"'Deployment status'\\"></dt-secondary-nav>
     <dt-secondary-nav [attr.aria-label]=\\"somevar\\"></dt-secondary-nav>"
`;

exports[`Update 7.0.0 Template replacements should migrate the breadcrumbs-item selector to a plain anchor 1`] = `
"<dt-breadcrumbs aria-label=\\"Breadcrumbs navigation\\" i18n-aria-label>
  <a dtBreadcrumbsItem i18n>Security</a>
  <a dtBreadcrumbsItem href=\\"/home\\" i18n>Security 2</a>
  <a dtBreadcrumbsItem [href]=\\"'/home'\\" i18n>Security 3</a>
</dt-breadcrumbs>"
`;

exports[`Update 7.0.0 Template replacements should migrate the table empty state to the empty state component 1`] = `
"<dt-empty-state><dt-empty-state-item>

  Amend the timeframe you're querying within or review your query to make your statement less restrictive

</dt-empty-state-item></dt-empty-state>"
`;

exports[`Update 7.0.0 Template replacements should migrate the table empty state to the empty state component with directive on the message 1`] = `
"<div class=\\"empty-state-container\\" *ngIf=\\"queryRows?.length === 0\\">
    <dt-empty-state dtTableEmptyState uitestid=\\"dtaqlTableNoData\\"><dt-empty-state-item>

      <dt-empty-state-item-img class=\\"no-data-image\\"></dt-empty-state-item-img>
      <dt-empty-state-item-title i18n>No data that matches your query</dt-empty-state-item-title>
      <ng-container i18n *ngIf=\\"(filtersApplied$ | async)\\">Amend the timeframe you're querying within or review your query to make your statement less restrictive</ng-container>
    
</dt-empty-state-item></dt-empty-state>
  </div>"
`;

exports[`Update 7.0.0 Template replacements should not migrate i18n aria label attributes 1`] = `"<dt-secondary-nav i18n-aria-label aria-label=\\"Deployment status\\"></dt-secondary-nav>"`;

exports[`Update 7.0.0 Template replacements should not migrate normal aria label attributes 1`] = `"<dt-secondary-nav aria-label=\\"Deployment status\\"></dt-secondary-nav>"`;

exports[`Update 7.0.0 Template replacements should replace the aria-label to the native one on the breadcrumbs 1`] = `
"<div *pageHeader  dtTheme='blue'>
    <dt-breadcrumbs aria-label=\\"Breadcrumbs navigation\\" i18n-aria-label>
      <a dtBreadcrumbsItem [navLink]=\\"cmcDsService.getHome()\\" i18n>Home</a>
      <a dtBreadcrumbsItem [navLink]=\\"cmcDsService.getDeploymentStatusMainPage()\\" i18n>Deployment status</a>
      <a dtBreadcrumbsItem [navLink]=\\"cmcDsService.getActiveGateOverview()\\" i18n>ActiveGates</a>
    </dt-breadcrumbs>
  </div>"
`;

exports[`Update 7.0.0 Template replacements should replace the aria-label-close-button on the context dialog 1`] = `
"<dt-context-dialog #contextDialog
    aria-label=\\"Show dashboard modification options\\"
    ariaLabelClose=\\"Hide dashboard modification options\\"
    i18n-aria-label
>"
`;

exports[`Update 7.0.0 Template replacements should run the migration for the aria-label-close 1`] = `
"
  <dt-chart [options]=\\"options\\" [series]=\\"series$ | async\\">
    <dt-chart-timestamp
      ariaLabelClose=\\"Close the selection\\"
      (closed)=\\"closed()\\"
      (valueChanges)=\\"valueChanges($event)\\"
    ></dt-chart-timestamp>
  </dt-chart>

  "
`;
